// Jest Snapshot v1, https://goo.gl/fbAQLP

exports[`<Header /> footer component matches snapshot 1`] = `ShallowWrapper {}`;
